Project Informationd:\lesson\theory\principles of computer composition\curriculum design\project\design\dingel-cpu\alu.rpt

MAX+plus II Compiler Report File
Version 10.0 9/14/2000
Compiled: 08/28/2020 17:24:54

Copyright (C) 1988-2000 Altera Corporation
Any megafunction design, and related net list (encrypted or decrypted),
support information, device programming or simulation file, and any other
associated documentation or information provided by Altera or a partner
under Altera's Megafunction Partnership Program may be used only to
program PLD devices (but not masked PLD devices) from Altera.  Any other
use of such megafunction design, net list, support information, device
programming or simulation file, or any other related documentation or
information is prohibited for any other purpose, including, but not
limited to modification, reverse engineering, de-compiling, or use with
any other silicon devices, unless such use is explicitly licensed under
a separate agreement with Altera or a megafunction partner.  Title to
the intellectual property, including patents, copyrights, trademarks,
trade secrets, or maskworks, embodied in any such megafunction design,
net list, support information, device programming or simulation file, or
any other related documentation or information provided by Altera or a
megafunction partner, remains with Altera, the megafunction partner, or
their respective licensors.  No other licenses, including any licenses
needed under any third party's intellectual property, are provided herein.



***** Project compilation was successful


ALU


** DEVICE SUMMARY **

Chip/                     Input Output Bidir  Memory  Memory  			 LCs
POF       Device          Pins  Pins   Pins   Bits % Utilized  LCs  % Utilized

alu       EP1K10TC100-1    18     10     0    0         0  %    55       9  %

User Pins:                 18     10     0  



Project Informationd:\lesson\theory\principles of computer composition\curriculum design\project\design\dingel-cpu\alu.rpt

** PROJECT TIMING MESSAGES **

Warning: Timing characteristics of device EP1K10TC100-1 are preliminary


Project Informationd:\lesson\theory\principles of computer composition\curriculum design\project\design\dingel-cpu\alu.rpt

** FILE HIERARCHY **



|lpm_add_sub:336|
|lpm_add_sub:336|addcore:adder|
|lpm_add_sub:336|altshift:result_ext_latency_ffs|
|lpm_add_sub:336|altshift:carry_ext_latency_ffs|
|lpm_add_sub:336|altshift:oflow_ext_latency_ffs|
|lpm_add_sub:548|
|lpm_add_sub:548|addcore:adder|
|lpm_add_sub:548|altshift:result_ext_latency_ffs|
|lpm_add_sub:548|altshift:carry_ext_latency_ffs|
|lpm_add_sub:548|altshift:oflow_ext_latency_ffs|
|lpm_add_sub:789|
|lpm_add_sub:789|addcore:adder|
|lpm_add_sub:789|altshift:result_ext_latency_ffs|
|lpm_add_sub:789|altshift:carry_ext_latency_ffs|
|lpm_add_sub:789|altshift:oflow_ext_latency_ffs|


Device-Specific Information:d:\lesson\theory\principles of computer composition\curriculum design\project\design\dingel-cpu\alu.rpt
alu

***** Logic for device 'alu' compiled without errors.




Device: EP1K10TC100-1

ACEX 1K Configuration Scheme: Passive Serial

Device Options:
    User-Supplied Start-Up Clock               = OFF
    Auto-Restart Configuration on Frame Error  = OFF
    Release Clears Before Tri-States           = OFF
    Enable Chip_Wide Reset                     = OFF
    Enable Chip-Wide Output Enable             = OFF
    Enable INIT_DONE Output                    = OFF
    JTAG User Code                             = 7f
    MultiVolt I/O                              = OFF
    Enable Lock Output                         = OFF

                                                                   
                                                                   
                            R R           R R R R   R R R R R R    
                  B         E E           E E E E   E E E E E E    
                  C         S S V         S S S S   S S S S S S ^  
                  D         E E C         E E E E V E E E E E E D  
                # O         R R C         R R R R C R R R R R R A  
                T U       G V V I       G V V V V C V V V V V V T  
                C T A B B N E E N A B A N E E E E I E E E E E E A  
                K 7 6 4 7 D D D T 2 3 1 D D D D D O D D D D D D 0  
              ----------------------------------------------------_ 
             / 100  98  96  94  92  90  88  86  84  82  80  78  76   |_ 
            /     99  97  95  93  91  89  87  85  83  81  79  77    | 
^CONF_DONE |  1                                                    75 | ^DCLK 
     ^nCEO |  2                                                    74 | ^nCE 
      #TDO |  3                                                    73 | #TDI 
     VCCIO |  4                                                    72 | VCCINT 
  RESERVED |  5                                                    71 | RESERVED 
  RESERVED |  6                                                    70 | RESERVED 
  RESERVED |  7                                                    69 | RESERVED 
  RESERVED |  8                                                    68 | RESERVED 
  RESERVED |  9                                                    67 | VCCIO 
  RESERVED | 10                                                    66 | GND 
       GND | 11                                                    65 | A3 
    VCCINT | 12                                                    64 | A7 
   BCDOUT5 | 13                   EP1K10TC100-1                    63 | B6 
   BCDOUT1 | 14                                                    62 | A4 
        A5 | 15                                                    61 | B1 
   BCDOUT3 | 16                                                    60 | VCCINT 
     VCCIO | 17                                                    59 | GND 
       GND | 18                                                    58 | RESERVED 
  RESERVED | 19                                                    57 | RESERVED 
  RESERVED | 20                                                    56 | RESERVED 
  RESERVED | 21                                                    55 | RESERVED 
  RESERVED | 22                                                    54 | ^MSEL0 
  RESERVED | 23                                                    53 | ^MSEL1 
      #TMS | 24                                                    52 | VCCINT 
  ^nSTATUS | 25                                                    51 | ^nCONFIG 
           |      27  29  31  33  35  37  39  41  43  45  47  49  _| 
            \   26  28  30  32  34  36  38  40  42  44  46  48  50   | 
             \----------------------------------------------------- 
                B B B Z C A B B B V G V S B S G G R V R R R R R R  
                C 0 C F F 0 C 5 C C N C 0 2 1 N N E C E E E E E E  
                D   D       D   D C D C       D D S C S S S S S S  
                O   O       O   O I   _       _   E I E E E E E E  
                U   U       U   U N   C       C   R O R R R R R R  
                T   T       T   T T   K       K   V   V V V V V V  
                2   4       6   0     L       L   E   E E E E E E  
                                      K       K   D   D D D D D D  
                                                                   
                                                                   


N.C. = No Connect. This pin has no internal connection to the device.
VCCINT = Dedicated power pin, which MUST be connected to VCC (2.5 volts).
VCCIO = Dedicated power pin, which MUST be connected to VCC (2.5 volts).
GND = Dedicated ground pin or unused dedicated input, which MUST be connected to GND.
RESERVED = Unused I/O pin, which MUST be left unconnected.

^ = Dedicated configuration pin.
+ = Reserved configuration pin, which is tri-stated during user mode.
* = Reserved configuration pin, which drives out in user mode.
PDn = Power Down pin. 
@ = Special-purpose pin. 
# = JTAG Boundary-Scan Testing/In-System Programming or Configuration Pin. The JTAG inputs TMS and TDI should be tied to VCC and TCK should be tied to GND when not in use.
& = JTAG pin used for I/O. When used as user I/O, JTAG pins must be kept stable before and during configuration.  JTAG pin stability prevents accidental loading of JTAG instructions.
$ = Pin has PCI I/O option enabled. Pin is neither '5.0 V'- nor '3.3 V'-tolerant. 


Device-Specific Information:d:\lesson\theory\principles of computer composition\curriculum design\project\design\dingel-cpu\alu.rpt
alu

** RESOURCE USAGE **

Logic                Column       Row                                   
Array                Interconnect Interconnect         Clears/     External  
Block   Logic Cells  Driven       Driven       Clocks  Presets   Interconnect
B14      8/ 8(100%)   1/ 8( 12%)   4/ 8( 50%)    0/2    0/2       9/22( 40%)   
B15      8/ 8(100%)   1/ 8( 12%)   3/ 8( 37%)    0/2    0/2       8/22( 36%)   
B17      8/ 8(100%)   1/ 8( 12%)   1/ 8( 12%)    0/2    0/2       7/22( 31%)   
B18      8/ 8(100%)   0/ 8(  0%)   4/ 8( 50%)    0/2    0/2       9/22( 40%)   
B19      7/ 8( 87%)   1/ 8( 12%)   6/ 8( 75%)    0/2    0/2       9/22( 40%)   
B20      8/ 8(100%)   1/ 8( 12%)   4/ 8( 50%)    0/2    0/2       8/22( 36%)   
B23      8/ 8(100%)   2/ 8( 25%)   4/ 8( 50%)    0/2    0/2       6/22( 27%)   


Embedded             Column       Row                                   
Array     Embedded   Interconnect Interconnect         Read/      External  
Block     Cells      Driven       Driven       Clocks  Write    Interconnect


Total dedicated input pins used:                 6/6      (100%)
Total I/O pins used:                            22/60     ( 36%)
Total logic cells used:                         55/576    (  9%)
Total embedded cells used:                       0/48     (  0%)
Total EABs used:                                 0/3      (  0%)
Average fan-in:                                 3.03/4    ( 75%)
Total fan-in:                                 167/2304    (  7%)

Total input pins required:                      18
Total input I/O cell registers required:         0
Total output pins required:                     10
Total output I/O cell registers required:        0
Total buried I/O cell registers required:        0
Total bidirectional pins required:               0
Total reserved pins required                     0
Total logic cells required:                     55
Total flipflops required:                        0
Total packed registers required:                 0
Total logic cells in carry chains:               0
Total number of carry chains:                    0
Total logic cells in cascade chains:             0
Total number of cascade chains:                  0
Total single-pin Clock Enables required:         0
Total single-pin Output Enables required:        0

Synthesized logic cells:                         3/ 576   (  0%)

Logic Cell and Embedded Cell Counts

Column:  01  02  03  04  05  06  07  08  09  10  11  12  EA  13  14  15  16  17  18  19  20  21  22  23  24  Total(LC/EC)
 A:      0   0   0   0   0   0   0   0   0   0   0   0   0   0   0   0   0   0   0   0   0   0   0   0   0      0/0  
 B:      0   0   0   0   0   0   0   0   0   0   0   0   0   0   8   8   0   8   8   7   8   0   0   8   0     55/0  
 C:      0   0   0   0   0   0   0   0   0   0   0   0   0   0   0   0   0   0   0   0   0   0   0   0   0      0/0  

Total:   0   0   0   0   0   0   0   0   0   0   0   0   0   0   8   8   0   8   8   7   8   0   0   8   0     55/0  



Device-Specific Information:d:\lesson\theory\principles of computer composition\curriculum design\project\design\dingel-cpu\alu.rpt
alu

** INPUTS **

                                                    Fan-In    Fan-Out
 Pin     LC     EC   Row  Col  Primitive    Code      INP  FBK  OUT  FBK  Name
  31      -     -    -    17      INPUT             ^    0    0    0    1  A0
  89      -     -    -    --      INPUT             ^    0    0    0    1  A1
  91      -     -    -    --      INPUT             ^    0    0    0    1  A2
  65      -     -    B    --      INPUT             ^    0    0    0    1  A3
  62      -     -    B    --      INPUT             ^    0    0    0    1  A4
  15      -     -    B    --      INPUT             ^    0    0    0    1  A5
  98      -     -    -    24      INPUT             ^    0    0    0    1  A6
  64      -     -    B    --      INPUT             ^    0    0    0    1  A7
  27      -     -    -    21      INPUT             ^    0    0    0    1  B0
  61      -     -    B    --      INPUT             ^    0    0    0    1  B1
  39      -     -    -    --      INPUT             ^    0    0    0    1  B2
  90      -     -    -    --      INPUT             ^    0    0    0    1  B3
  97      -     -    -    23      INPUT             ^    0    0    0    1  B4
  33      -     -    -    15      INPUT             ^    0    0    0    1  B5
  63      -     -    B    --      INPUT             ^    0    0    0    1  B6
  96      -     -    -    22      INPUT             ^    0    0    0    1  B7
  38      -     -    -    --      INPUT             ^    0    0    0   10  S0
  40      -     -    -    --      INPUT             ^    0    0    0   10  S1


Code:

s = Synthesized pin or logic cell
+ = Synchronous flipflop
/ = Slow slew-rate output
! = NOT gate push-back
r = Fitter-inserted logic cell
^ = Increased input delay
* = PCI I/O is enabled
@ = Uses single-pin Clock Enable
& = Uses single-pin Output Enable


Device-Specific Information:d:\lesson\theory\principles of computer composition\curriculum design\project\design\dingel-cpu\alu.rpt
alu

** OUTPUTS **

       Fed By Fed By                                Fan-In    Fan-Out
 Pin     LC     EC   Row  Col  Primitive    Code      INP  FBK  OUT  FBK  Name
  34      -     -    -    14     OUTPUT                 0    1    0    0  BCDOUT0
  14      -     -    B    --     OUTPUT                 0    1    0    0  BCDOUT1
  26      -     -    -    23     OUTPUT                 0    1    0    0  BCDOUT2
  16      -     -    B    --     OUTPUT                 0    1    0    0  BCDOUT3
  28      -     -    -    20     OUTPUT                 0    1    0    0  BCDOUT4
  13      -     -    B    --     OUTPUT                 0    1    0    0  BCDOUT5
  32      -     -    -    16     OUTPUT                 0    1    0    0  BCDOUT6
  99      -     -    -    24     OUTPUT                 0    1    0    0  BCDOUT7
  30      -     -    -    18     OUTPUT                 0    1    0    0  CF
  29      -     -    -    19     OUTPUT                 0    1    0    0  ZF


Code:

s = Synthesized pin or logic cell
+ = Synchronous flipflop
/ = Slow slew-rate output
! = NOT gate push-back
r = Fitter-inserted logic cell
^ = Increased input delay
* = PCI I/O is enabled
@ = Uses single-pin Clock Enable
& = Uses single-pin Output Enable


Device-Specific Information:d:\lesson\theory\principles of computer composition\curriculum design\project\design\dingel-cpu\alu.rpt
alu

** BURIED LOGIC **

                                                    Fan-In    Fan-Out
 IOC     LC     EC   Row  Col  Primitive    Code      INP  FBK  OUT  FBK  Name
   -      3     -    B    14        OR2                0    4    0    2  |LPM_ADD_SUB:336|addcore:adder|pcarry1
   -      4     -    B    23        OR2                0    3    0    2  |LPM_ADD_SUB:336|addcore:adder|pcarry2
   -      2     -    B    18        OR2                0    3    0    2  |LPM_ADD_SUB:336|addcore:adder|pcarry3
   -      1     -    B    20        OR2                0    3    0    2  |LPM_ADD_SUB:336|addcore:adder|pcarry4
   -      7     -    B    15        OR2                0    3    0    2  |LPM_ADD_SUB:336|addcore:adder|pcarry5
   -      1     -    B    15        OR2                0    3    0    2  |LPM_ADD_SUB:336|addcore:adder|pcarry6
   -      6     -    B    17        OR2                0    3    0    1  |LPM_ADD_SUB:336|addcore:adder|pcarry7
   -      5     -    B    14        OR2    s           0    3    0    1  |LPM_ADD_SUB:336|addcore:adder|~115~1
   -      8     -    B    23        OR2                0    3    0    1  |LPM_ADD_SUB:336|addcore:adder|:116
   -      6     -    B    18        OR2                0    3    0    1  |LPM_ADD_SUB:336|addcore:adder|:117
   -      8     -    B    20        OR2                0    3    0    1  |LPM_ADD_SUB:336|addcore:adder|:118
   -      3     -    B    15        OR2                0    3    0    1  |LPM_ADD_SUB:336|addcore:adder|:119
   -      8     -    B    15        OR2                0    3    0    1  |LPM_ADD_SUB:336|addcore:adder|:120
   -      1     -    B    17        OR2                0    3    0    1  |LPM_ADD_SUB:336|addcore:adder|:121
   -      7     -    B    17        OR2                0    3    0    1  |LPM_ADD_SUB:336|addcore:adder|:122
   -      1     -    B    23        OR2        !       2    0    0   28  :153
   -      1     -    B    14       AND2    s           0    3    0    1  ~420~1
   -      8     -    B    18       AND2    s           0    4    0    1  ~420~2
   -      4     -    B    19       AND2                0    1    0    1  :939
   -      4     -    B    17        OR2                1    1    0    2  :951
   -      6     -    B    15        OR2                1    1    0    2  :963
   -      2     -    B    19        OR2                1    1    0    2  :975
   -      7     -    B    20        OR2                1    1    0    2  :987
   -      5     -    B    18        OR2                1    1    0    2  :999
   -      5     -    B    20        OR2                1    1    0    2  :1011
   -      3     -    B    20        OR2                1    1    0    2  :1023
   -      6     -    B    19        OR2                1    1    0    3  :1035
   -      2     -    B    17       AND2                0    1    0    1  :1047
   -      3     -    B    17        OR2                1    1    0    2  :1059
   -      5     -    B    15        OR2                1    1    0    2  :1071
   -      1     -    B    19        OR2                1    1    0    2  :1083
   -      6     -    B    20        OR2                1    1    0    2  :1095
   -      4     -    B    18        OR2                1    1    0    2  :1107
   -      7     -    B    23        OR2                1    1    0    2  :1119
   -      8     -    B    19        OR2                1    1    0    2  :1131
   -      5     -    B    19        OR2                1    1    0    3  :1143
   -      8     -    B    17        OR2                0    2    0    1  :1155
   -      3     -    B    23        OR2                0    2    0    2  :1167
   -      4     -    B    15        OR2                0    2    0    2  :1179
   -      7     -    B    18        OR2                0    2    0    2  :1191
   -      4     -    B    20        OR2                0    2    0    2  :1203
   -      3     -    B    18        OR2                0    2    0    2  :1215
   -      6     -    B    23        OR2                0    2    0    2  :1227
   -      7     -    B    14        OR2                0    3    0    2  :1239
   -      4     -    B    14        OR2                0    3    0    2  :1251
   -      2     -    B    23       AND2                2    1    1    0  :1264
   -      2     -    B    15       AND2                2    1    1    0  :1276
   -      1     -    B    18       AND2                2    1    1    0  :1288
   -      2     -    B    20       AND2                2    1    1    0  :1300
   -      6     -    B    14       AND2                2    1    1    0  :1312
   -      5     -    B    23       AND2                2    1    1    0  :1324
   -      2     -    B    14       AND2                2    1    1    0  :1336
   -      8     -    B    14       AND2                2    1    1    0  :1348
   -      5     -    B    17       AND2                2    1    1    0  :1360
   -      3     -    B    19       AND2                0    4    1    0  :1372


Code:

s = Synthesized pin or logic cell
+ = Synchronous flipflop
/ = Slow slew-rate output
! = NOT gate push-back
r = Fitter-inserted logic cell
^ = Increased input delay
* = PCI I/O is enabled
p = Packed register


Device-Specific Information:d:\lesson\theory\principles of computer composition\curriculum design\project\design\dingel-cpu\alu.rpt
alu

** FASTTRACK INTERCONNECT UTILIZATION **

Row FastTrack Interconnect:

          Global         Left Half-      Right Half-
         FastTrack       FastTrack       FastTrack 
Row     Interconnect    Interconnect    Interconnect    Input Pins     Output Pins     Bidir Pins
A:       0/ 96(  0%)     0/ 48(  0%)     0/ 48(  0%)    0/16(  0%)      0/16(  0%)     0/16(  0%)
B:      17/ 96( 17%)     0/ 48(  0%)    21/ 48( 43%)    6/16( 37%)      3/16( 18%)     0/16(  0%)
C:       0/ 96(  0%)     0/ 48(  0%)     0/ 48(  0%)    0/16(  0%)      0/16(  0%)     0/16(  0%)


Column FastTrack Interconnect:

         FastTrack                                 
Column  Interconnect    Input Pins     Output Pins     Bidir Pins
01:      0/24(  0%)     0/4(  0%)      0/4(  0%)       0/4(  0%)
02:      0/24(  0%)     0/4(  0%)      0/4(  0%)       0/4(  0%)
03:      0/24(  0%)     0/4(  0%)      0/4(  0%)       0/4(  0%)
04:      0/24(  0%)     0/4(  0%)      0/4(  0%)       0/4(  0%)
05:      0/24(  0%)     0/4(  0%)      0/4(  0%)       0/4(  0%)
06:      0/24(  0%)     0/4(  0%)      0/4(  0%)       0/4(  0%)
07:      0/24(  0%)     0/4(  0%)      0/4(  0%)       0/4(  0%)
08:      0/24(  0%)     0/4(  0%)      0/4(  0%)       0/4(  0%)
09:      0/24(  0%)     0/4(  0%)      0/4(  0%)       0/4(  0%)
10:      0/24(  0%)     0/4(  0%)      0/4(  0%)       0/4(  0%)
11:      0/24(  0%)     0/4(  0%)      0/4(  0%)       0/4(  0%)
12:      0/24(  0%)     0/4(  0%)      0/4(  0%)       0/4(  0%)
13:      0/24(  0%)     0/4(  0%)      0/4(  0%)       0/4(  0%)
14:      1/24(  4%)     0/4(  0%)      1/4( 25%)       0/4(  0%)
15:      1/24(  4%)     1/4( 25%)      0/4(  0%)       0/4(  0%)
16:      1/24(  4%)     0/4(  0%)      1/4( 25%)       0/4(  0%)
17:      1/24(  4%)     1/4( 25%)      0/4(  0%)       0/4(  0%)
18:      1/24(  4%)     0/4(  0%)      1/4( 25%)       0/4(  0%)
19:      1/24(  4%)     0/4(  0%)      1/4( 25%)       0/4(  0%)
20:      1/24(  4%)     0/4(  0%)      1/4( 25%)       0/4(  0%)
21:      1/24(  4%)     1/4( 25%)      0/4(  0%)       0/4(  0%)
22:      1/24(  4%)     1/4( 25%)      0/4(  0%)       0/4(  0%)
23:      2/24(  8%)     1/4( 25%)      1/4( 25%)       0/4(  0%)
24:      2/24(  8%)     1/4( 25%)      1/4( 25%)       0/4(  0%)
EA:      0/24(  0%)     0/4(  0%)      0/4(  0%)       0/4(  0%)


Device-Specific Information:d:\lesson\theory\principles of computer composition\curriculum design\project\design\dingel-cpu\alu.rpt
alu

** EQUATIONS **

A0       : INPUT;
A1       : INPUT;
A2       : INPUT;
A3       : INPUT;
A4       : INPUT;
A5       : INPUT;
A6       : INPUT;
A7       : INPUT;
B0       : INPUT;
B1       : INPUT;
B2       : INPUT;
B3       : INPUT;
B4       : INPUT;
B5       : INPUT;
B6       : INPUT;
B7       : INPUT;
S0       : INPUT;
S1       : INPUT;

-- Node name is 'BCDOUT0' 
-- Equation name is 'BCDOUT0', type is output 
BCDOUT0  =  _LC8_B14;

-- Node name is 'BCDOUT1' 
-- Equation name is 'BCDOUT1', type is output 
BCDOUT1  =  _LC2_B14;

-- Node name is 'BCDOUT2' 
-- Equation name is 'BCDOUT2', type is output 
BCDOUT2  =  _LC5_B23;

-- Node name is 'BCDOUT3' 
-- Equation name is 'BCDOUT3', type is output 
BCDOUT3  =  _LC6_B14;

-- Node name is 'BCDOUT4' 
-- Equation name is 'BCDOUT4', type is output 
BCDOUT4  =  _LC2_B20;

-- Node name is 'BCDOUT5' 
-- Equation name is 'BCDOUT5', type is output 
BCDOUT5  =  _LC1_B18;

-- Node name is 'BCDOUT6' 
-- Equation name is 'BCDOUT6', type is output 
BCDOUT6  =  _LC2_B15;

-- Node name is 'BCDOUT7' 
-- Equation name is 'BCDOUT7', type is output 
BCDOUT7  =  _LC2_B23;

-- Node name is 'CF' 
-- Equation name is 'CF', type is output 
CF       =  _LC5_B17;

-- Node name is 'ZF' 
-- Equation name is 'ZF', type is output 
ZF       =  _LC3_B19;

-- Node name is '|LPM_ADD_SUB:336|addcore:adder|pcarry1' from file "addcore.tdf" line 312, column 40
-- Equation name is '_LC3_B14', type is buried 
_LC3_B14 = LCELL( _EQ001);
  _EQ001 =  _LC3_B20 &  _LC8_B19
         #  _LC5_B19 &  _LC6_B19 &  _LC8_B19
         #  _LC3_B20 &  _LC5_B19 &  _LC6_B19;

-- Node name is '|LPM_ADD_SUB:336|addcore:adder|pcarry2' from file "addcore.tdf" line 312, column 40
-- Equation name is '_LC4_B23', type is buried 
_LC4_B23 = LCELL( _EQ002);
  _EQ002 =  _LC3_B14 &  _LC7_B23
         #  _LC3_B14 &  _LC5_B20
         #  _LC5_B20 &  _LC7_B23;

-- Node name is '|LPM_ADD_SUB:336|addcore:adder|pcarry3' from file "addcore.tdf" line 312, column 40
-- Equation name is '_LC2_B18', type is buried 
_LC2_B18 = LCELL( _EQ003);
  _EQ003 =  _LC4_B23 &  _LC5_B18
         #  _LC4_B18 &  _LC4_B23
         #  _LC4_B18 &  _LC5_B18;

-- Node name is '|LPM_ADD_SUB:336|addcore:adder|pcarry4' from file "addcore.tdf" line 312, column 40
-- Equation name is '_LC1_B20', type is buried 
_LC1_B20 = LCELL( _EQ004);
  _EQ004 =  _LC2_B18 &  _LC7_B20
         #  _LC2_B18 &  _LC6_B20
         #  _LC6_B20 &  _LC7_B20;

-- Node name is '|LPM_ADD_SUB:336|addcore:adder|pcarry5' from file "addcore.tdf" line 312, column 40
-- Equation name is '_LC7_B15', type is buried 
_LC7_B15 = LCELL( _EQ005);
  _EQ005 =  _LC1_B20 &  _LC2_B19
         #  _LC1_B19 &  _LC1_B20
         #  _LC1_B19 &  _LC2_B19;

-- Node name is '|LPM_ADD_SUB:336|addcore:adder|pcarry6' from file "addcore.tdf" line 312, column 40
-- Equation name is '_LC1_B15', type is buried 
_LC1_B15 = LCELL( _EQ006);
  _EQ006 =  _LC6_B15 &  _LC7_B15
         #  _LC5_B15 &  _LC7_B15
         #  _LC5_B15 &  _LC6_B15;

-- Node name is '|LPM_ADD_SUB:336|addcore:adder|pcarry7' from file "addcore.tdf" line 312, column 40
-- Equation name is '_LC6_B17', type is buried 
_LC6_B17 = LCELL( _EQ007);
  _EQ007 =  _LC1_B15 &  _LC4_B17
         #  _LC1_B15 &  _LC3_B17
         #  _LC3_B17 &  _LC4_B17;

-- Node name is '|LPM_ADD_SUB:336|addcore:adder|~115~1' from file "addcore.tdf" line 316, column 67
-- Equation name is '_LC5_B14', type is buried 
-- synthesized logic cell 
_LC5_B14 = LCELL( _EQ008);
  _EQ008 = !_LC3_B20 &  _LC5_B19 &  _LC6_B19
         #  _LC3_B20 & !_LC6_B19
         #  _LC3_B20 & !_LC5_B19;

-- Node name is '|LPM_ADD_SUB:336|addcore:adder|:116' from file "addcore.tdf" line 316, column 67
-- Equation name is '_LC8_B23', type is buried 
_LC8_B23 = LCELL( _EQ009);
  _EQ009 = !_LC3_B14 & !_LC5_B20 &  _LC7_B23
         # !_LC3_B14 &  _LC5_B20 & !_LC7_B23
         #  _LC3_B14 &  _LC5_B20 &  _LC7_B23
         #  _LC3_B14 & !_LC5_B20 & !_LC7_B23;

-- Node name is '|LPM_ADD_SUB:336|addcore:adder|:117' from file "addcore.tdf" line 316, column 67
-- Equation name is '_LC6_B18', type is buried 
_LC6_B18 = LCELL( _EQ010);
  _EQ010 = !_LC4_B18 & !_LC4_B23 &  _LC5_B18
         #  _LC4_B18 & !_LC4_B23 & !_LC5_B18
         #  _LC4_B18 &  _LC4_B23 &  _LC5_B18
         # !_LC4_B18 &  _LC4_B23 & !_LC5_B18;

-- Node name is '|LPM_ADD_SUB:336|addcore:adder|:118' from file "addcore.tdf" line 316, column 67
-- Equation name is '_LC8_B20', type is buried 
_LC8_B20 = LCELL( _EQ011);
  _EQ011 = !_LC2_B18 & !_LC6_B20 &  _LC7_B20
         # !_LC2_B18 &  _LC6_B20 & !_LC7_B20
         #  _LC2_B18 &  _LC6_B20 &  _LC7_B20
         #  _LC2_B18 & !_LC6_B20 & !_LC7_B20;

-- Node name is '|LPM_ADD_SUB:336|addcore:adder|:119' from file "addcore.tdf" line 316, column 67
-- Equation name is '_LC3_B15', type is buried 
_LC3_B15 = LCELL( _EQ012);
  _EQ012 = !_LC1_B19 & !_LC1_B20 &  _LC2_B19
         #  _LC1_B19 & !_LC1_B20 & !_LC2_B19
         #  _LC1_B19 &  _LC1_B20 &  _LC2_B19
         # !_LC1_B19 &  _LC1_B20 & !_LC2_B19;

-- Node name is '|LPM_ADD_SUB:336|addcore:adder|:120' from file "addcore.tdf" line 316, column 67
-- Equation name is '_LC8_B15', type is buried 
_LC8_B15 = LCELL( _EQ013);
  _EQ013 = !_LC5_B15 &  _LC6_B15 & !_LC7_B15
         #  _LC5_B15 & !_LC6_B15 & !_LC7_B15
         #  _LC5_B15 &  _LC6_B15 &  _LC7_B15
         # !_LC5_B15 & !_LC6_B15 &  _LC7_B15;

-- Node name is '|LPM_ADD_SUB:336|addcore:adder|:121' from file "addcore.tdf" line 316, column 67
-- Equation name is '_LC1_B17', type is buried 
_LC1_B17 = LCELL( _EQ014);
  _EQ014 = !_LC1_B15 & !_LC3_B17 &  _LC4_B17
         # !_LC1_B15 &  _LC3_B17 & !_LC4_B17
         #  _LC1_B15 &  _LC3_B17 &  _LC4_B17
         #  _LC1_B15 & !_LC3_B17 & !_LC4_B17;

-- Node name is '|LPM_ADD_SUB:336|addcore:adder|:122' from file "addcore.tdf" line 316, column 67
-- Equation name is '_LC7_B17', type is buried 
_LC7_B17 = LCELL( _EQ015);
  _EQ015 =  _LC2_B17 &  _LC4_B19 &  _LC6_B17
         # !_LC2_B17 & !_LC4_B19 &  _LC6_B17
         # !_LC2_B17 &  _LC4_B19 & !_LC6_B17
         #  _LC2_B17 & !_LC4_B19 & !_LC6_B17;

-- Node name is ':153' 
-- Equation name is '_LC1_B23', type is buried 
!_LC1_B23 = _LC1_B23~NOT;
_LC1_B23~NOT = LCELL( _EQ016);
  _EQ016 =  S1
         #  S0;

-- Node name is '~420~1' 
-- Equation name is '~420~1', location is LC1_B14, type is buried.
-- synthesized logic cell 
_LC1_B14 = LCELL( _EQ017);
  _EQ017 = !_LC4_B14 & !_LC6_B23 & !_LC7_B14;

-- Node name is '~420~2' 
-- Equation name is '~420~2', location is LC8_B18, type is buried.
-- synthesized logic cell 
_LC8_B18 = LCELL( _EQ018);
  _EQ018 =  _LC1_B14 & !_LC3_B18 & !_LC4_B20 & !_LC7_B18;

-- Node name is ':939' 
-- Equation name is '_LC4_B19', type is buried 
_LC4_B19 = LCELL( _EQ019);
  _EQ019 = !_LC1_B23 &  _LC4_B19;

-- Node name is ':951' 
-- Equation name is '_LC4_B17', type is buried 
_LC4_B17 = LCELL( _EQ020);
  _EQ020 = !_LC1_B23 &  _LC4_B17
         #  A7 &  _LC1_B23;

-- Node name is ':963' 
-- Equation name is '_LC6_B15', type is buried 
_LC6_B15 = LCELL( _EQ021);
  _EQ021 = !_LC1_B23 &  _LC6_B15
         #  A6 &  _LC1_B23;

-- Node name is ':975' 
-- Equation name is '_LC2_B19', type is buried 
_LC2_B19 = LCELL( _EQ022);
  _EQ022 = !_LC1_B23 &  _LC2_B19
         #  A5 &  _LC1_B23;

-- Node name is ':987' 
-- Equation name is '_LC7_B20', type is buried 
_LC7_B20 = LCELL( _EQ023);
  _EQ023 = !_LC1_B23 &  _LC7_B20
         #  A4 &  _LC1_B23;

-- Node name is ':999' 
-- Equation name is '_LC5_B18', type is buried 
_LC5_B18 = LCELL( _EQ024);
  _EQ024 = !_LC1_B23 &  _LC5_B18
         #  A3 &  _LC1_B23;

-- Node name is ':1011' 
-- Equation name is '_LC5_B20', type is buried 
_LC5_B20 = LCELL( _EQ025);
  _EQ025 = !_LC1_B23 &  _LC5_B20
         #  A2 &  _LC1_B23;

-- Node name is ':1023' 
-- Equation name is '_LC3_B20', type is buried 
_LC3_B20 = LCELL( _EQ026);
  _EQ026 = !_LC1_B23 &  _LC3_B20
         #  A1 &  _LC1_B23;

-- Node name is ':1035' 
-- Equation name is '_LC6_B19', type is buried 
_LC6_B19 = LCELL( _EQ027);
  _EQ027 = !_LC1_B23 &  _LC6_B19
         #  A0 &  _LC1_B23;

-- Node name is ':1047' 
-- Equation name is '_LC2_B17', type is buried 
_LC2_B17 = LCELL( _EQ028);
  _EQ028 = !_LC1_B23 &  _LC2_B17;

-- Node name is ':1059' 
-- Equation name is '_LC3_B17', type is buried 
_LC3_B17 = LCELL( _EQ029);
  _EQ029 = !_LC1_B23 &  _LC3_B17
         #  B7 &  _LC1_B23;

-- Node name is ':1071' 
-- Equation name is '_LC5_B15', type is buried 
_LC5_B15 = LCELL( _EQ030);
  _EQ030 = !_LC1_B23 &  _LC5_B15
         #  B6 &  _LC1_B23;

-- Node name is ':1083' 
-- Equation name is '_LC1_B19', type is buried 
_LC1_B19 = LCELL( _EQ031);
  _EQ031 =  _LC1_B19 & !_LC1_B23
         #  B5 &  _LC1_B23;

-- Node name is ':1095' 
-- Equation name is '_LC6_B20', type is buried 
_LC6_B20 = LCELL( _EQ032);
  _EQ032 = !_LC1_B23 &  _LC6_B20
         #  B4 &  _LC1_B23;

-- Node name is ':1107' 
-- Equation name is '_LC4_B18', type is buried 
_LC4_B18 = LCELL( _EQ033);
  _EQ033 = !_LC1_B23 &  _LC4_B18
         #  B3 &  _LC1_B23;

-- Node name is ':1119' 
-- Equation name is '_LC7_B23', type is buried 
_LC7_B23 = LCELL( _EQ034);
  _EQ034 = !_LC1_B23 &  _LC7_B23
         #  B2 &  _LC1_B23;

-- Node name is ':1131' 
-- Equation name is '_LC8_B19', type is buried 
_LC8_B19 = LCELL( _EQ035);
  _EQ035 = !_LC1_B23 &  _LC8_B19
         #  B1 &  _LC1_B23;

-- Node name is ':1143' 
-- Equation name is '_LC5_B19', type is buried 
_LC5_B19 = LCELL( _EQ036);
  _EQ036 = !_LC1_B23 &  _LC5_B19
         #  B0 &  _LC1_B23;

-- Node name is ':1155' 
-- Equation name is '_LC8_B17', type is buried 
_LC8_B17 = LCELL( _EQ037);
  _EQ037 = !_LC1_B23 &  _LC8_B17
         #  _LC1_B23 &  _LC7_B17;

-- Node name is ':1167' 
-- Equation name is '_LC3_B23', type is buried 
_LC3_B23 = LCELL( _EQ038);
  _EQ038 = !_LC1_B23 &  _LC3_B23
         #  _LC1_B17 &  _LC1_B23;

-- Node name is ':1179' 
-- Equation name is '_LC4_B15', type is buried 
_LC4_B15 = LCELL( _EQ039);
  _EQ039 = !_LC1_B23 &  _LC4_B15
         #  _LC1_B23 &  _LC8_B15;

-- Node name is ':1191' 
-- Equation name is '_LC7_B18', type is buried 
_LC7_B18 = LCELL( _EQ040);
  _EQ040 = !_LC1_B23 &  _LC7_B18
         #  _LC1_B23 &  _LC3_B15;

-- Node name is ':1203' 
-- Equation name is '_LC4_B20', type is buried 
_LC4_B20 = LCELL( _EQ041);
  _EQ041 = !_LC1_B23 &  _LC4_B20
         #  _LC1_B23 &  _LC8_B20;

-- Node name is ':1215' 
-- Equation name is '_LC3_B18', type is buried 
_LC3_B18 = LCELL( _EQ042);
  _EQ042 = !_LC1_B23 &  _LC3_B18
         #  _LC1_B23 &  _LC6_B18;

-- Node name is ':1227' 
-- Equation name is '_LC6_B23', type is buried 
_LC6_B23 = LCELL( _EQ043);
  _EQ043 = !_LC1_B23 &  _LC6_B23
         #  _LC1_B23 &  _LC8_B23;

-- Node name is ':1239' 
-- Equation name is '_LC7_B14', type is buried 
_LC7_B14 = LCELL( _EQ044);
  _EQ044 = !_LC1_B23 &  _LC7_B14
         #  _LC1_B23 &  _LC5_B14 & !_LC8_B19
         #  _LC1_B23 & !_LC5_B14 &  _LC8_B19;

-- Node name is ':1251' 
-- Equation name is '_LC4_B14', type is buried 
_LC4_B14 = LCELL( _EQ045);
  _EQ045 = !_LC1_B23 &  _LC4_B14
         #  _LC1_B23 & !_LC5_B19 &  _LC6_B19
         #  _LC1_B23 &  _LC5_B19 & !_LC6_B19;

-- Node name is ':1264' 
-- Equation name is '_LC2_B23', type is buried 
_LC2_B23 = LCELL( _EQ046);
  _EQ046 =  _LC3_B23 & !S0 & !S1;

-- Node name is ':1276' 
-- Equation name is '_LC2_B15', type is buried 
_LC2_B15 = LCELL( _EQ047);
  _EQ047 =  _LC4_B15 & !S0 & !S1;

-- Node name is ':1288' 
-- Equation name is '_LC1_B18', type is buried 
_LC1_B18 = LCELL( _EQ048);
  _EQ048 =  _LC7_B18 & !S0 & !S1;

-- Node name is ':1300' 
-- Equation name is '_LC2_B20', type is buried 
_LC2_B20 = LCELL( _EQ049);
  _EQ049 =  _LC4_B20 & !S0 & !S1;

-- Node name is ':1312' 
-- Equation name is '_LC6_B14', type is buried 
_LC6_B14 = LCELL( _EQ050);
  _EQ050 =  _LC3_B18 & !S0 & !S1;

-- Node name is ':1324' 
-- Equation name is '_LC5_B23', type is buried 
_LC5_B23 = LCELL( _EQ051);
  _EQ051 =  _LC6_B23 & !S0 & !S1;

-- Node name is ':1336' 
-- Equation name is '_LC2_B14', type is buried 
_LC2_B14 = LCELL( _EQ052);
  _EQ052 =  _LC7_B14 & !S0 & !S1;

-- Node name is ':1348' 
-- Equation name is '_LC8_B14', type is buried 
_LC8_B14 = LCELL( _EQ053);
  _EQ053 =  _LC4_B14 & !S0 & !S1;

-- Node name is ':1360' 
-- Equation name is '_LC5_B17', type is buried 
_LC5_B17 = LCELL( _EQ054);
  _EQ054 =  _LC8_B17 & !S0 & !S1;

-- Node name is ':1372' 
-- Equation name is '_LC3_B19', type is buried 
_LC3_B19 = LCELL( _EQ055);
  _EQ055 =  _LC1_B23 & !_LC3_B23 & !_LC4_B15 &  _LC8_B18;



Project Informationd:\lesson\theory\principles of computer composition\curriculum design\project\design\dingel-cpu\alu.rpt

** COMPILATION SETTINGS & TIMES **

Processing Menu Commands
------------------------

Design Doctor                             = off

Logic Synthesis:

   Synthesis Type Used                    = Multi-Level

   Default Synthesis Style                = NORMAL

      Logic option settings in 'NORMAL' style for 'ACEX1K' family

      CARRY_CHAIN                         = ignore
      CARRY_CHAIN_LENGTH                  = 32
      CASCADE_CHAIN                       = ignore
      CASCADE_CHAIN_LENGTH                = 2
      DECOMPOSE_GATES                     = on
      DUPLICATE_LOGIC_EXTRACTION          = on
      MINIMIZATION                        = full
      MULTI_LEVEL_FACTORING               = on
      NOT_GATE_PUSH_BACK                  = on
      REDUCE_LOGIC                        = on
      REFACTORIZATION                     = on
      REGISTER_OPTIMIZATION               = on
      RESYNTHESIZE_NETWORK                = on
      SLOW_SLEW_RATE                      = off
      SUBFACTOR_EXTRACTION                = on
      IGNORE_SOFT_BUFFERS                 = on
      USE_LPM_FOR_AHDL_OPERATORS          = off

   Other logic synthesis settings:

      Automatic Global Clock              = on
      Automatic Global Clear              = on
      Automatic Global Preset             = on
      Automatic Global Output Enable      = on
      Automatic Fast I/O                  = off
      Automatic Register Packing          = off
      Automatic Open-Drain Pins           = on
      Automatic Implement in EAB          = off
      Optimize                            = 5

Default Timing Specifications: None

Cut All Bidir Feedback Timing Paths       = on
Cut All Clear & Preset Timing Paths       = on

Ignore Timing Assignments                 = off

Functional SNF Extractor                  = off

Linked SNF Extractor                      = off
Timing SNF Extractor                      = on
Optimize Timing SNF                       = off
Generate AHDL TDO File                    = off
Fitter Settings                           = NORMAL
Use Quartus Fitter                        = on
Smart Recompile                           = off
Total Recompile                           = off

Interfaces Menu Commands
------------------------

EDIF Netlist Writer                       = off
Verilog Netlist Writer                    = off
VHDL Netlist Writer                       = off

Compilation Times
-----------------

   Compiler Netlist Extractor             00:00:01
   Database Builder                       00:00:00
   Logic Synthesizer                      00:00:00
   Partitioner                            00:00:00
   Fitter                                 00:00:00
   Timing SNF Extractor                   00:00:00
   Assembler                              00:00:00
   --------------------------             --------
   Total Time                             00:00:01


Memory Allocated
-----------------

Peak memory allocated during compilation  = 19,295K
