Project Informationc:\users\administrator\onedrive - mytccd.edu\experimentreport\computerorganization\curriculumdesign\dingel-cpu\convert.rpt

MAX+plus II Compiler Report File
Version 10.0 9/14/2000
Compiled: 08/29/2020 13:13:26

Copyright (C) 1988-2000 Altera Corporation
Any megafunction design, and related net list (encrypted or decrypted),
support information, device programming or simulation file, and any other
associated documentation or information provided by Altera or a partner
under Altera's Megafunction Partnership Program may be used only to
program PLD devices (but not masked PLD devices) from Altera.  Any other
use of such megafunction design, net list, support information, device
programming or simulation file, or any other related documentation or
information is prohibited for any other purpose, including, but not
limited to modification, reverse engineering, de-compiling, or use with
any other silicon devices, unless such use is explicitly licensed under
a separate agreement with Altera or a megafunction partner.  Title to
the intellectual property, including patents, copyrights, trademarks,
trade secrets, or maskworks, embodied in any such megafunction design,
net list, support information, device programming or simulation file, or
any other related documentation or information provided by Altera or a
megafunction partner, remains with Altera, the megafunction partner, or
their respective licensors.  No other licenses, including any licenses
needed under any third party's intellectual property, are provided herein.



***** Project compilation was successful


CONVERT


** DEVICE SUMMARY **

Chip/                     Input Output Bidir  Memory  Memory  			 LCs
POF       Device          Pins  Pins   Pins   Bits % Utilized  LCs  % Utilized

convert   EP1K10TC100-1    16     16     0    0         0  %    16       2  %

User Pins:                 16     16     0  



Project Informationc:\users\administrator\onedrive - mytccd.edu\experimentreport\computerorganization\curriculumdesign\dingel-cpu\convert.rpt

** PROJECT TIMING MESSAGES **

Warning: Timing characteristics of device EP1K10TC100-1 are preliminary


Device-Specific Information:c:\users\administrator\onedrive - mytccd.edu\experimentreport\computerorganization\curriculumdesign\dingel-cpu\convert.rpt
convert

***** Logic for device 'convert' compiled without errors.




Device: EP1K10TC100-1

ACEX 1K Configuration Scheme: Passive Serial

Device Options:
    User-Supplied Start-Up Clock               = OFF
    Auto-Restart Configuration on Frame Error  = OFF
    Release Clears Before Tri-States           = OFF
    Enable Chip_Wide Reset                     = OFF
    Enable Chip-Wide Output Enable             = OFF
    Enable INIT_DONE Output                    = OFF
    JTAG User Code                             = 7f
    MultiVolt I/O                              = OFF
    Enable Lock Output                         = OFF

                                                                   
                                                                   
                  R R R R   R             R R R R   R R R R R R    
                  E E E E   E I   I I I   E E E E   E E E E E E    
                  S S S S   S R V R R R   S S S S   S S S S S S ^  
                  E E E E   E C C C C C   E E E E V E E E E E E D  
                # R R R R   R O C O O O   R R R R C R R R R R R A  
                T V V V V G V D I D D D G V V V V C V V V V V V T  
                C E E E E N E E N E E E N E E E E I E E E E E E A  
                K D D D D D D 8 T 3 5 2 D D D D D O D D D D D D 0  
              ----------------------------------------------------_ 
             / 100  98  96  94  92  90  88  86  84  82  80  78  76   |_ 
            /     99  97  95  93  91  89  87  85  83  81  79  77    | 
^CONF_DONE |  1                                                    75 | ^DCLK 
     ^nCEO |  2                                                    74 | ^nCE 
      #TDO |  3                                                    73 | #TDI 
     VCCIO |  4                                                    72 | VCCINT 
       OP0 |  5                                                    71 | A0 
        A4 |  6                                                    70 | OP3 
  IRCODE12 |  7                                                    69 | RESERVED 
       OP2 |  8                                                    68 | IRCODE14 
  IRCODE15 |  9                                                    67 | VCCIO 
  RESERVED | 10                                                    66 | GND 
       GND | 11                                                    65 | IRCODE10 
    VCCINT | 12                                                    64 | RESERVED 
        A2 | 13                   EP1K10TC100-1                    63 | A5 
        A6 | 14                                                    62 | I10 
  IRCODE13 | 15                                                    61 | IRCODE6 
       OP1 | 16                                                    60 | VCCINT 
     VCCIO | 17                                                    59 | GND 
       GND | 18                                                    58 | IRCODE11 
   IRCODE9 | 19                                                    57 | A3 
        I8 | 20                                                    56 | IRCODE7 
        I9 | 21                                                    55 | I11 
        A1 | 22                                                    54 | ^MSEL0 
        A7 | 23                                                    53 | ^MSEL1 
      #TMS | 24                                                    52 | VCCINT 
  ^nSTATUS | 25                                                    51 | ^nCONFIG 
           |      27  29  31  33  35  37  39  41  43  45  47  49  _| 
            \   26  28  30  32  34  36  38  40  42  44  46  48  50   | 
             \----------------------------------------------------- 
                R R R R R R R R R V G V I I I G G R V R R R R R R  
                E E E E E E E E E C N C R R R N N E C E E E E E E  
                S S S S S S S S S C D C C C C D D S C S S S S S S  
                E E E E E E E E E I   _ O O O _   E I E E E E E E  
                R R R R R R R R R N   C D D D C   R O R R R R R R  
                V V V V V V V V V T   K E E E K   V   V V V V V V  
                E E E E E E E E E     L 0 4 1 L   E   E E E E E E  
                D D D D D D D D D     K       K   D   D D D D D D  
                                                                   
                                                                   


N.C. = No Connect. This pin has no internal connection to the device.
VCCINT = Dedicated power pin, which MUST be connected to VCC (2.5 volts).
VCCIO = Dedicated power pin, which MUST be connected to VCC (2.5 volts).
GND = Dedicated ground pin or unused dedicated input, which MUST be connected to GND.
RESERVED = Unused I/O pin, which MUST be left unconnected.

^ = Dedicated configuration pin.
+ = Reserved configuration pin, which is tri-stated during user mode.
* = Reserved configuration pin, which drives out in user mode.
PDn = Power Down pin. 
@ = Special-purpose pin. 
# = JTAG Boundary-Scan Testing/In-System Programming or Configuration Pin. The JTAG inputs TMS and TDI should be tied to VCC and TCK should be tied to GND when not in use.
& = JTAG pin used for I/O. When used as user I/O, JTAG pins must be kept stable before and during configuration.  JTAG pin stability prevents accidental loading of JTAG instructions.
$ = Pin has PCI I/O option enabled. Pin is neither '5.0 V'- nor '3.3 V'-tolerant. 


Device-Specific Information:c:\users\administrator\onedrive - mytccd.edu\experimentreport\computerorganization\curriculumdesign\dingel-cpu\convert.rpt
convert

** RESOURCE USAGE **

Logic                Column       Row                                   
Array                Interconnect Interconnect         Clears/     External  
Block   Logic Cells  Driven       Driven       Clocks  Presets   Interconnect
A8       1/ 8( 12%)   0/ 8(  0%)   1/ 8( 12%)    0/2    0/2       1/22(  4%)   
A11      1/ 8( 12%)   0/ 8(  0%)   1/ 8( 12%)    0/2    0/2       1/22(  4%)   
A14      1/ 8( 12%)   0/ 8(  0%)   1/ 8( 12%)    0/2    0/2       1/22(  4%)   
A17      1/ 8( 12%)   0/ 8(  0%)   1/ 8( 12%)    0/2    0/2       1/22(  4%)   
A22      1/ 8( 12%)   0/ 8(  0%)   1/ 8( 12%)    0/2    0/2       1/22(  4%)   
B1       1/ 8( 12%)   0/ 8(  0%)   1/ 8( 12%)    0/2    0/2       1/22(  4%)   
B10      1/ 8( 12%)   0/ 8(  0%)   1/ 8( 12%)    0/2    0/2       1/22(  4%)   
B18      1/ 8( 12%)   0/ 8(  0%)   1/ 8( 12%)    0/2    0/2       1/22(  4%)   
B21      1/ 8( 12%)   0/ 8(  0%)   1/ 8( 12%)    0/2    0/2       1/22(  4%)   
B23      1/ 8( 12%)   0/ 8(  0%)   1/ 8( 12%)    0/2    0/2       1/22(  4%)   
C1       1/ 8( 12%)   0/ 8(  0%)   1/ 8( 12%)    0/2    0/2       1/22(  4%)   
C9       1/ 8( 12%)   0/ 8(  0%)   1/ 8( 12%)    0/2    0/2       1/22(  4%)   
C13      1/ 8( 12%)   0/ 8(  0%)   1/ 8( 12%)    0/2    0/2       1/22(  4%)   
C17      1/ 8( 12%)   0/ 8(  0%)   1/ 8( 12%)    0/2    0/2       1/22(  4%)   
C18      1/ 8( 12%)   0/ 8(  0%)   1/ 8( 12%)    0/2    0/2       1/22(  4%)   
C20      1/ 8( 12%)   0/ 8(  0%)   1/ 8( 12%)    0/2    0/2       1/22(  4%)   


Embedded             Column       Row                                   
Array     Embedded   Interconnect Interconnect         Read/      External  
Block     Cells      Driven       Driven       Clocks  Write    Interconnect


Total dedicated input pins used:                 6/6      (100%)
Total I/O pins used:                            26/60     ( 43%)
Total logic cells used:                         16/576    (  2%)
Total embedded cells used:                       0/48     (  0%)
Total EABs used:                                 0/3      (  0%)
Average fan-in:                                 1.00/4    ( 25%)
Total fan-in:                                  16/2304    (  0%)

Total input pins required:                      16
Total input I/O cell registers required:         0
Total output pins required:                     16
Total output I/O cell registers required:        0
Total buried I/O cell registers required:        0
Total bidirectional pins required:               0
Total reserved pins required                     0
Total logic cells required:                     16
Total flipflops required:                        0
Total packed registers required:                 0
Total logic cells in carry chains:               0
Total number of carry chains:                    0
Total logic cells in cascade chains:             0
Total number of cascade chains:                  0
Total single-pin Clock Enables required:         0
Total single-pin Output Enables required:        0

Synthesized logic cells:                        16/ 576   (  2%)

Logic Cell and Embedded Cell Counts

Column:  01  02  03  04  05  06  07  08  09  10  11  12  EA  13  14  15  16  17  18  19  20  21  22  23  24  Total(LC/EC)
 A:      0   0   0   0   0   0   0   1   0   0   1   0   0   0   1   0   0   1   0   0   0   0   1   0   0      5/0  
 B:      1   0   0   0   0   0   0   0   0   1   0   0   0   0   0   0   0   0   1   0   0   1   0   1   0      5/0  
 C:      1   0   0   0   0   0   0   0   1   0   0   0   0   1   0   0   0   1   1   0   1   0   0   0   0      6/0  

Total:   2   0   0   0   0   0   0   1   1   1   1   0   0   1   1   0   0   2   2   0   1   1   1   1   0     16/0  



Device-Specific Information:c:\users\administrator\onedrive - mytccd.edu\experimentreport\computerorganization\curriculumdesign\dingel-cpu\convert.rpt
convert

** INPUTS **

                                                    Fan-In    Fan-Out
 Pin     LC     EC   Row  Col  Primitive    Code      INP  FBK  OUT  FBK  Name
  38      -     -    -    --      INPUT             ^    0    0    0    1  IRCODE0
  40      -     -    -    --      INPUT             ^    0    0    0    1  IRCODE1
  89      -     -    -    --      INPUT             ^    0    0    0    1  IRCODE2
  91      -     -    -    --      INPUT             ^    0    0    0    1  IRCODE3
  39      -     -    -    --      INPUT             ^    0    0    0    1  IRCODE4
  90      -     -    -    --      INPUT             ^    0    0    0    1  IRCODE5
  61      -     -    B    --      INPUT             ^    0    0    0    1  IRCODE6
  56      -     -    C    --      INPUT             ^    0    0    0    1  IRCODE7
  93      -     -    -    13      INPUT             ^    0    0    0    1  IRCODE8
  19      -     -    C    --      INPUT             ^    0    0    0    1  IRCODE9
  65      -     -    B    --      INPUT             ^    0    0    0    1  IRCODE10
  58      -     -    C    --      INPUT             ^    0    0    0    1  IRCODE11
   7      -     -    A    --      INPUT             ^    0    0    0    1  IRCODE12
  15      -     -    B    --      INPUT             ^    0    0    0    1  IRCODE13
  68      -     -    A    --      INPUT             ^    0    0    0    1  IRCODE14
   9      -     -    A    --      INPUT             ^    0    0    0    1  IRCODE15


Code:

s = Synthesized pin or logic cell
+ = Synchronous flipflop
/ = Slow slew-rate output
! = NOT gate push-back
r = Fitter-inserted logic cell
^ = Increased input delay
* = PCI I/O is enabled
@ = Uses single-pin Clock Enable
& = Uses single-pin Output Enable


Device-Specific Information:c:\users\administrator\onedrive - mytccd.edu\experimentreport\computerorganization\curriculumdesign\dingel-cpu\convert.rpt
convert

** OUTPUTS **

       Fed By Fed By                                Fan-In    Fan-Out
 Pin     LC     EC   Row  Col  Primitive    Code      INP  FBK  OUT  FBK  Name
  71      -     -    A    --     OUTPUT                 0    1    0    0  A0
  22      -     -    C    --     OUTPUT                 0    1    0    0  A1
  13      -     -    B    --     OUTPUT                 0    1    0    0  A2
  57      -     -    C    --     OUTPUT                 0    1    0    0  A3
   6      -     -    A    --     OUTPUT                 0    1    0    0  A4
  63      -     -    B    --     OUTPUT                 0    1    0    0  A5
  14      -     -    B    --     OUTPUT                 0    1    0    0  A6
  23      -     -    C    --     OUTPUT                 0    1    0    0  A7
  20      -     -    C    --     OUTPUT                 0    1    0    0  I8
  21      -     -    C    --     OUTPUT                 0    1    0    0  I9
  62      -     -    B    --     OUTPUT                 0    1    0    0  I10
  55      -     -    C    --     OUTPUT                 0    1    0    0  I11
   5      -     -    A    --     OUTPUT                 0    1    0    0  OP0
  16      -     -    B    --     OUTPUT                 0    1    0    0  OP1
   8      -     -    A    --     OUTPUT                 0    1    0    0  OP2
  70      -     -    A    --     OUTPUT                 0    1    0    0  OP3


Code:

s = Synthesized pin or logic cell
+ = Synchronous flipflop
/ = Slow slew-rate output
! = NOT gate push-back
r = Fitter-inserted logic cell
^ = Increased input delay
* = PCI I/O is enabled
@ = Uses single-pin Clock Enable
& = Uses single-pin Output Enable


Device-Specific Information:c:\users\administrator\onedrive - mytccd.edu\experimentreport\computerorganization\curriculumdesign\dingel-cpu\convert.rpt
convert

** BURIED LOGIC **

                                                    Fan-In    Fan-Out
 IOC     LC     EC   Row  Col  Primitive    Code      INP  FBK  OUT  FBK  Name
   -      1     -    A    08      LCELL    s           1    0    1    0  A0~1
   -      8     -    C    20      LCELL    s           1    0    1    0  A1~1
   -      1     -    B    18      LCELL    s           1    0    1    0  A2~1
   -      3     -    C    01      LCELL    s           1    0    1    0  A3~1
   -      2     -    A    22      LCELL    s           1    0    1    0  A4~1
   -      4     -    B    01      LCELL    s           1    0    1    0  A5~1
   -      3     -    B    21      LCELL    s           1    0    1    0  A6~1
   -      7     -    C    17      LCELL    s           1    0    1    0  A7~1
   -      2     -    C    13      LCELL    s           1    0    1    0  I8~1
   -      4     -    C    18      LCELL    s           1    0    1    0  I9~1
   -      5     -    B    10      LCELL    s           1    0    1    0  I10~1
   -      7     -    C    09      LCELL    s           1    0    1    0  I11~1
   -      1     -    A    17      LCELL    s           1    0    1    0  OP0~1
   -      7     -    B    23      LCELL    s           1    0    1    0  OP1~1
   -      8     -    A    14      LCELL    s           1    0    1    0  OP2~1
   -      3     -    A    11      LCELL    s           1    0    1    0  OP3~1


Code:

s = Synthesized pin or logic cell
+ = Synchronous flipflop
/ = Slow slew-rate output
! = NOT gate push-back
r = Fitter-inserted logic cell
^ = Increased input delay
* = PCI I/O is enabled
p = Packed register


Device-Specific Information:c:\users\administrator\onedrive - mytccd.edu\experimentreport\computerorganization\curriculumdesign\dingel-cpu\convert.rpt
convert

** FASTTRACK INTERCONNECT UTILIZATION **

Row FastTrack Interconnect:

          Global         Left Half-      Right Half-
         FastTrack       FastTrack       FastTrack 
Row     Interconnect    Interconnect    Interconnect    Input Pins     Output Pins     Bidir Pins
A:       4/ 96(  4%)     2/ 48(  4%)     2/ 48(  4%)    3/16( 18%)      5/16( 31%)     0/16(  0%)
B:       4/ 96(  4%)     2/ 48(  4%)     2/ 48(  4%)    3/16( 18%)      5/16( 31%)     0/16(  0%)
C:       6/ 96(  6%)     0/ 48(  0%)     4/ 48(  8%)    3/16( 18%)      6/16( 37%)     0/16(  0%)


Column FastTrack Interconnect:

         FastTrack                                 
Column  Interconnect    Input Pins     Output Pins     Bidir Pins
01:      0/24(  0%)     0/4(  0%)      0/4(  0%)       0/4(  0%)
02:      0/24(  0%)     0/4(  0%)      0/4(  0%)       0/4(  0%)
03:      0/24(  0%)     0/4(  0%)      0/4(  0%)       0/4(  0%)
04:      0/24(  0%)     0/4(  0%)      0/4(  0%)       0/4(  0%)
05:      0/24(  0%)     0/4(  0%)      0/4(  0%)       0/4(  0%)
06:      0/24(  0%)     0/4(  0%)      0/4(  0%)       0/4(  0%)
07:      0/24(  0%)     0/4(  0%)      0/4(  0%)       0/4(  0%)
08:      0/24(  0%)     0/4(  0%)      0/4(  0%)       0/4(  0%)
09:      0/24(  0%)     0/4(  0%)      0/4(  0%)       0/4(  0%)
10:      0/24(  0%)     0/4(  0%)      0/4(  0%)       0/4(  0%)
11:      0/24(  0%)     0/4(  0%)      0/4(  0%)       0/4(  0%)
12:      0/24(  0%)     0/4(  0%)      0/4(  0%)       0/4(  0%)
13:      1/24(  4%)     1/4( 25%)      0/4(  0%)       0/4(  0%)
14:      0/24(  0%)     0/4(  0%)      0/4(  0%)       0/4(  0%)
15:      0/24(  0%)     0/4(  0%)      0/4(  0%)       0/4(  0%)
16:      0/24(  0%)     0/4(  0%)      0/4(  0%)       0/4(  0%)
17:      0/24(  0%)     0/4(  0%)      0/4(  0%)       0/4(  0%)
18:      0/24(  0%)     0/4(  0%)      0/4(  0%)       0/4(  0%)
19:      0/24(  0%)     0/4(  0%)      0/4(  0%)       0/4(  0%)
20:      0/24(  0%)     0/4(  0%)      0/4(  0%)       0/4(  0%)
21:      0/24(  0%)     0/4(  0%)      0/4(  0%)       0/4(  0%)
22:      0/24(  0%)     0/4(  0%)      0/4(  0%)       0/4(  0%)
23:      0/24(  0%)     0/4(  0%)      0/4(  0%)       0/4(  0%)
24:      0/24(  0%)     0/4(  0%)      0/4(  0%)       0/4(  0%)
EA:      0/24(  0%)     0/4(  0%)      0/4(  0%)       0/4(  0%)


Device-Specific Information:c:\users\administrator\onedrive - mytccd.edu\experimentreport\computerorganization\curriculumdesign\dingel-cpu\convert.rpt
convert

** EQUATIONS **

IRCODE0  : INPUT;
IRCODE1  : INPUT;
IRCODE2  : INPUT;
IRCODE3  : INPUT;
IRCODE4  : INPUT;
IRCODE5  : INPUT;
IRCODE6  : INPUT;
IRCODE7  : INPUT;
IRCODE8  : INPUT;
IRCODE9  : INPUT;
IRCODE10 : INPUT;
IRCODE11 : INPUT;
IRCODE12 : INPUT;
IRCODE13 : INPUT;
IRCODE14 : INPUT;
IRCODE15 : INPUT;

-- Node name is 'A0~1' 
-- Equation name is 'A0~1', location is LC1_A8, type is buried.
-- synthesized logic cell 
_LC1_A8  = LCELL( IRCODE0);

-- Node name is 'A0' 
-- Equation name is 'A0', type is output 
A0       =  _LC1_A8;

-- Node name is 'A1~1' 
-- Equation name is 'A1~1', location is LC8_C20, type is buried.
-- synthesized logic cell 
_LC8_C20 = LCELL( IRCODE1);

-- Node name is 'A1' 
-- Equation name is 'A1', type is output 
A1       =  _LC8_C20;

-- Node name is 'A2~1' 
-- Equation name is 'A2~1', location is LC1_B18, type is buried.
-- synthesized logic cell 
_LC1_B18 = LCELL( IRCODE2);

-- Node name is 'A2' 
-- Equation name is 'A2', type is output 
A2       =  _LC1_B18;

-- Node name is 'A3~1' 
-- Equation name is 'A3~1', location is LC3_C1, type is buried.
-- synthesized logic cell 
_LC3_C1  = LCELL( IRCODE3);

-- Node name is 'A3' 
-- Equation name is 'A3', type is output 
A3       =  _LC3_C1;

-- Node name is 'A4~1' 
-- Equation name is 'A4~1', location is LC2_A22, type is buried.
-- synthesized logic cell 
_LC2_A22 = LCELL( IRCODE4);

-- Node name is 'A4' 
-- Equation name is 'A4', type is output 
A4       =  _LC2_A22;

-- Node name is 'A5~1' 
-- Equation name is 'A5~1', location is LC4_B1, type is buried.
-- synthesized logic cell 
_LC4_B1  = LCELL( IRCODE5);

-- Node name is 'A5' 
-- Equation name is 'A5', type is output 
A5       =  _LC4_B1;

-- Node name is 'A6~1' 
-- Equation name is 'A6~1', location is LC3_B21, type is buried.
-- synthesized logic cell 
_LC3_B21 = LCELL( IRCODE6);

-- Node name is 'A6' 
-- Equation name is 'A6', type is output 
A6       =  _LC3_B21;

-- Node name is 'A7~1' 
-- Equation name is 'A7~1', location is LC7_C17, type is buried.
-- synthesized logic cell 
_LC7_C17 = LCELL( IRCODE7);

-- Node name is 'A7' 
-- Equation name is 'A7', type is output 
A7       =  _LC7_C17;

-- Node name is 'I8~1' 
-- Equation name is 'I8~1', location is LC2_C13, type is buried.
-- synthesized logic cell 
_LC2_C13 = LCELL( IRCODE8);

-- Node name is 'I8' 
-- Equation name is 'I8', type is output 
I8       =  _LC2_C13;

-- Node name is 'I9~1' 
-- Equation name is 'I9~1', location is LC4_C18, type is buried.
-- synthesized logic cell 
_LC4_C18 = LCELL( IRCODE9);

-- Node name is 'I9' 
-- Equation name is 'I9', type is output 
I9       =  _LC4_C18;

-- Node name is 'I10~1' 
-- Equation name is 'I10~1', location is LC5_B10, type is buried.
-- synthesized logic cell 
_LC5_B10 = LCELL( IRCODE10);

-- Node name is 'I10' 
-- Equation name is 'I10', type is output 
I10      =  _LC5_B10;

-- Node name is 'I11~1' 
-- Equation name is 'I11~1', location is LC7_C9, type is buried.
-- synthesized logic cell 
_LC7_C9  = LCELL( IRCODE11);

-- Node name is 'I11' 
-- Equation name is 'I11', type is output 
I11      =  _LC7_C9;

-- Node name is 'OP0~1' 
-- Equation name is 'OP0~1', location is LC1_A17, type is buried.
-- synthesized logic cell 
_LC1_A17 = LCELL( IRCODE12);

-- Node name is 'OP0' 
-- Equation name is 'OP0', type is output 
OP0      =  _LC1_A17;

-- Node name is 'OP1~1' 
-- Equation name is 'OP1~1', location is LC7_B23, type is buried.
-- synthesized logic cell 
_LC7_B23 = LCELL( IRCODE13);

-- Node name is 'OP1' 
-- Equation name is 'OP1', type is output 
OP1      =  _LC7_B23;

-- Node name is 'OP2~1' 
-- Equation name is 'OP2~1', location is LC8_A14, type is buried.
-- synthesized logic cell 
_LC8_A14 = LCELL( IRCODE14);

-- Node name is 'OP2' 
-- Equation name is 'OP2', type is output 
OP2      =  _LC8_A14;

-- Node name is 'OP3~1' 
-- Equation name is 'OP3~1', location is LC3_A11, type is buried.
-- synthesized logic cell 
_LC3_A11 = LCELL( IRCODE15);

-- Node name is 'OP3' 
-- Equation name is 'OP3', type is output 
OP3      =  _LC3_A11;



Project Informationc:\users\administrator\onedrive - mytccd.edu\experimentreport\computerorganization\curriculumdesign\dingel-cpu\convert.rpt

** COMPILATION SETTINGS & TIMES **

Processing Menu Commands
------------------------

Design Doctor                             = off

Logic Synthesis:

   Synthesis Type Used                    = Multi-Level

   Default Synthesis Style                = NORMAL

      Logic option settings in 'NORMAL' style for 'ACEX1K' family

      CARRY_CHAIN                         = ignore
      CARRY_CHAIN_LENGTH                  = 32
      CASCADE_CHAIN                       = ignore
      CASCADE_CHAIN_LENGTH                = 2
      DECOMPOSE_GATES                     = on
      DUPLICATE_LOGIC_EXTRACTION          = on
      MINIMIZATION                        = full
      MULTI_LEVEL_FACTORING               = on
      NOT_GATE_PUSH_BACK                  = on
      REDUCE_LOGIC                        = on
      REFACTORIZATION                     = on
      REGISTER_OPTIMIZATION               = on
      RESYNTHESIZE_NETWORK                = on
      SLOW_SLEW_RATE                      = off
      SUBFACTOR_EXTRACTION                = on
      IGNORE_SOFT_BUFFERS                 = on
      USE_LPM_FOR_AHDL_OPERATORS          = off

   Other logic synthesis settings:

      Automatic Global Clock              = on
      Automatic Global Clear              = on
      Automatic Global Preset             = on
      Automatic Global Output Enable      = on
      Automatic Fast I/O                  = off
      Automatic Register Packing          = off
      Automatic Open-Drain Pins           = on
      Automatic Implement in EAB          = off
      Optimize                            = 5

Default Timing Specifications: None

Cut All Bidir Feedback Timing Paths       = on
Cut All Clear & Preset Timing Paths       = on

Ignore Timing Assignments                 = off

Functional SNF Extractor                  = off

Linked SNF Extractor                      = off
Timing SNF Extractor                      = on
Optimize Timing SNF                       = off
Generate AHDL TDO File                    = off
Fitter Settings                           = NORMAL
Use Quartus Fitter                        = on
Smart Recompile                           = off
Total Recompile                           = off

Interfaces Menu Commands
------------------------

EDIF Netlist Writer                       = off
Verilog Netlist Writer                    = off
VHDL Netlist Writer                       = off

Compilation Times
-----------------

   Compiler Netlist Extractor             00:00:00
   Database Builder                       00:00:00
   Logic Synthesizer                      00:00:00
   Partitioner                            00:00:00
   Fitter                                 00:00:00
   Timing SNF Extractor                   00:00:00
   Assembler                              00:00:00
   --------------------------             --------
   Total Time                             00:00:00


Memory Allocated
-----------------

Peak memory allocated during compilation  = 16,838K
